[7.419s] DEBUG:colcon:Command line arguments: ['/usr/bin/colcon', 'build', '--base-paths', 'src', '--symlink-install', '--packages-select', 'golfcart_board_initializer']
[7.419s] DEBUG:colcon:Parsed command line arguments: Namespace(log_base=None, log_level=None, verb_name='build', build_base='build', install_base='install', merge_install=False, symlink_install=True, test_result_base=None, continue_on_error=False, executor='parallel', parallel_workers=24, event_handlers=None, ignore_user_meta=False, metas=['./colcon.meta'], base_paths=['src'], packages_ignore=None, packages_ignore_regex=None, paths=None, packages_up_to=None, packages_up_to_regex=None, packages_above=None, packages_above_and_dependencies=None, packages_above_depth=None, packages_select_by_dep=None, packages_skip_by_dep=None, packages_skip_up_to=None, packages_select_build_failed=False, packages_skip_build_finished=False, packages_select_test_failures=False, packages_skip_test_passed=False, packages_select=['golfcart_board_initializer'], packages_skip=None, packages_select_regex=None, packages_skip_regex=None, packages_start=None, packages_end=None, allow_overriding=[], cmake_args=None, cmake_target=None, cmake_target_skip_unavailable=False, cmake_clean_cache=False, cmake_clean_first=False, cmake_force_configure=False, ament_cmake_args=None, catkin_cmake_args=None, catkin_skip_building_tests=False, mixin_files=None, mixin=None, verb_parser=<colcon_mixin.mixin.mixin_argument.MixinArgumentDecorator object at 0x7473048b2770>, verb_extension=<colcon_core.verb.build.BuildVerb object at 0x74730482bdf0>, main=<bound method BuildVerb.main of <colcon_core.verb.build.BuildVerb object at 0x74730482bdf0>>, mixin_verb=('build',))
[9.160s] Level 1:colcon.colcon_core.package_discovery:discover_packages(colcon_meta) check parameters
[9.160s] Level 1:colcon.colcon_core.package_discovery:discover_packages(recursive) check parameters
[9.160s] Level 1:colcon.colcon_core.package_discovery:discover_packages(ignore) check parameters
[9.160s] Level 1:colcon.colcon_core.package_discovery:discover_packages(path) check parameters
[9.160s] Level 1:colcon.colcon_core.package_discovery:discover_packages(recursive) discover
[9.160s] INFO:colcon.colcon_core.package_discovery:Crawling recursively for packages in '/home/aeon/repos/2026-golf-cart/src/localization/golfcart_board_initializer/src'
[9.160s] Level 1:colcon.colcon_core.package_discovery:discover_packages(recursive) using defaults
[9.161s] WARNING:colcon.colcon_core.package_selection:ignoring unknown package 'golfcart_board_initializer' in --packages-select
[9.245s] Level 1:colcon.colcon_core.package_discovery:discover_packages(prefix_path) check parameters
[9.245s] Level 1:colcon.colcon_core.package_discovery:discover_packages(prefix_path) discover
[9.247s] DEBUG:colcon.colcon_installed_package_information.package_discovery:Found 784 installed packages in /opt/ros/humble
[9.249s] Level 1:colcon.colcon_core.package_discovery:discover_packages(prefix_path) using defaults
[9.296s] INFO:colcon.colcon_core.executor:Executing jobs using 'parallel' executor
[9.297s] DEBUG:colcon.colcon_parallel_executor.executor.parallel:run_until_complete
[9.297s] DEBUG:colcon.colcon_parallel_executor.executor.parallel:closing loop
[9.297s] DEBUG:colcon.colcon_parallel_executor.executor.parallel:loop closed
[9.297s] DEBUG:colcon.colcon_parallel_executor.executor.parallel:run_until_complete finished with '0'
[9.297s] DEBUG:colcon.colcon_core.event_reactor:joining thread
[9.298s] DEBUG:colcon.colcon_core.event_reactor:joined thread
[9.302s] INFO:colcon.colcon_core.plugin_system:Skipping extension 'colcon_core.shell.bat': Not used on non-Windows systems
[9.302s] INFO:colcon.colcon_core.shell:Creating prefix script '/home/aeon/repos/2026-golf-cart/src/localization/golfcart_board_initializer/install/local_setup.ps1'
[9.303s] INFO:colcon.colcon_core.shell:Creating prefix util module '/home/aeon/repos/2026-golf-cart/src/localization/golfcart_board_initializer/install/_local_setup_util_ps1.py'
[9.303s] INFO:colcon.colcon_core.shell:Creating prefix chain script '/home/aeon/repos/2026-golf-cart/src/localization/golfcart_board_initializer/install/setup.ps1'
[9.304s] INFO:colcon.colcon_core.shell:Creating prefix script '/home/aeon/repos/2026-golf-cart/src/localization/golfcart_board_initializer/install/local_setup.sh'
[9.307s] INFO:colcon.colcon_core.shell:Creating prefix util module '/home/aeon/repos/2026-golf-cart/src/localization/golfcart_board_initializer/install/_local_setup_util_sh.py'
[9.308s] INFO:colcon.colcon_core.shell:Creating prefix chain script '/home/aeon/repos/2026-golf-cart/src/localization/golfcart_board_initializer/install/setup.sh'
[9.309s] INFO:colcon.colcon_core.shell:Creating prefix script '/home/aeon/repos/2026-golf-cart/src/localization/golfcart_board_initializer/install/local_setup.bash'
[9.309s] INFO:colcon.colcon_core.shell:Creating prefix chain script '/home/aeon/repos/2026-golf-cart/src/localization/golfcart_board_initializer/install/setup.bash'
[9.310s] INFO:colcon.colcon_core.shell:Creating prefix script '/home/aeon/repos/2026-golf-cart/src/localization/golfcart_board_initializer/install/local_setup.zsh'
[9.310s] INFO:colcon.colcon_core.shell:Creating prefix chain script '/home/aeon/repos/2026-golf-cart/src/localization/golfcart_board_initializer/install/setup.zsh'
